#-----------------------------------------------------------
# Vivado v2022.1 (64-bit)
# SW Build 3526262 on Mon Apr 18 15:48:16 MDT 2022
# IP Build 3524634 on Mon Apr 18 20:55:01 MDT 2022
# Start of session at: Sun Nov 13 18:58:57 2022
# Process ID: 11924
# Current directory: D:/Documents/Workspaces/Vivado_Workspace/ProyectoVHDL/TrabajoSED_VHDL/ClaveSecreta/ClaveSecreta.runs/synth_1
# Command line: vivado.exe -log LecturaBotones.vds -product Vivado -mode batch -messageDb vivado.pb -notrace -source LecturaBotones.tcl
# Log file: D:/Documents/Workspaces/Vivado_Workspace/ProyectoVHDL/TrabajoSED_VHDL/ClaveSecreta/ClaveSecreta.runs/synth_1/LecturaBotones.vds
# Journal file: D:/Documents/Workspaces/Vivado_Workspace/ProyectoVHDL/TrabajoSED_VHDL/ClaveSecreta/ClaveSecreta.runs/synth_1\vivado.jou
# Running On: DESKTOP-NGQHGS4, OS: Windows, CPU Frequency: 3400 MHz, CPU Physical cores: 16, Host memory: 34266 MB
#-----------------------------------------------------------
source LecturaBotones.tcl -notrace
